// Jest Snapshot v1, https://goo.gl/fbAQLP

exports[`<HeaderLink /> spec renders the component 1`] = `
<DocumentFragment>
  <span
    class="navigationLinkWrapper depth-0"
  >
    <a
      class="link link-medium headerLink depth-0"
      href="#"
    >
      Link
    </a>
  </span>
</DocumentFragment>
`;
