// Jest Snapshot v1, https://goo.gl/fbAQLP

exports[`<Link /> spec renders the component 1`] = `
<DocumentFragment>
  <a
    class="link linkS"
    href="https://hds.hel.fi"
  >
    Test link
  </a>
</DocumentFragment>
`;
