// Jest Snapshot v1, https://goo.gl/fbAQLP

exports[`<ErrorSummary /> spec renders the component 1`] = `
<DocumentFragment>
  <div
    aria-atomic="true"
    aria-label="Error summary"
    class="notification default error customClass"
  >
    <div
      class="content"
    >
      <div
        aria-level="2"
        class="label label"
        role="heading"
        tabindex="-1"
      >
        <svg
          aria-hidden="true"
          class="icon s icon"
          role="img"
          viewBox="0 0 24 24"
          xmlns="http://www.w3.org/2000/svg"
        >
          <g
            fill="none"
            fill-rule="evenodd"
          >
            <rect
              height="24"
              width="24"
            />
            <path
              d="M12,3 C16.9705627,3 21,7.02943725 21,12 C21,16.9705627 16.9705627,21 12,21 C7.02943725,21 3,16.9705627 3,12 C3,7.02943725 7.02943725,3 12,3 Z M13,16 L13,18 L11,18 L11,16 L13,16 Z M13,6 L13,14 L11,14 L11,6 L13,6 Z"
              fill="currentColor"
            />
          </g>
        </svg>
        Form contains following errors
      </div>
      <div
        class="errorSummaryBody"
      >
        <ul>
          <li>
            Error 1: 
            <a
              href="#field1"
            >
              Please enter your first name
            </a>
          </li>
          <li>
            Error 2: 
            <a
              href="#field2"
            >
              Please enter your last name
            </a>
          </li>
          <li>
            Error 3: 
            <a
              href="#field3"
            >
              Please enter a valid email address
            </a>
          </li>
        </ul>
      </div>
    </div>
  </div>
</DocumentFragment>
`;
