// Jest Snapshot v1, https://goo.gl/fbAQLP

exports[`<StepByStep /> spec renders the component 1`] = `
<DocumentFragment>
  <div
    class="container"
  >
    <div>
      <p
        class="description"
      />
    </div>
    <ol
      class="stepsContainer"
    >
      <li
        class="stepItem"
      >
        <p
          class="stepItemTitle"
        >
          Vaiheen 1 otsikko
        </p>
        <div>
          <p>
            Tähän voit lisätä tekstiä, joka kertoo käyttäjälle mitä kyseisessä vaiheessa tapahtuu. Pidä teksti tiiviinä, jotta käyttäjä saa kokonaiskuvan prosessista ja sen vaiheista helposti silmäilemällä.
          </p>
          <p>
            <button
              class="button primary theme-bus size-medium"
              href="https://hel.fi"
              type="button"
            >
              <span>
                Esimerkki painikkeesta
              </span>
            </button>
          </p>
          <p>
            <a
              class="link link-medium"
              href="https://hel.fi"
            >
              Esimerkki lisätietolinkistä
            </a>
          </p>
        </div>
      </li>
      <li
        class="stepItem"
      >
        <p
          class="stepItemTitle"
        >
          Vaiheen 2 otsikko
        </p>
        <div>
          <p>
            Tähän voit lisätä tekstiä.
          </p>
        </div>
      </li>
    </ol>
  </div>
</DocumentFragment>
`;
