// Jest Snapshot v1, https://goo.gl/fbAQLP

exports[`<Logo /> spec renders the component 1`] = `
<DocumentFragment>
  <img
    alt="logo"
    class="logo"
    src="dummyPath"
    title="Helsingin kaupunki"
  />
</DocumentFragment>
`;