// Jest Snapshot v1, https://goo.gl/fbAQLP

exports[`<Tabs /> spec renders the component 1`] = `
<DocumentFragment>
  <div
    class="tabs"
  >
    <div
      class="tablistBar"
    >
      <div
        class="tablist"
      >
        <ul
          role="tablist"
          style="width: 0px;"
        >
          <li
            aria-controls="tab-0-panel"
            aria-selected="true"
            class="tab active"
            id="tab-0-button"
            role="tab"
            tabindex="0"
          >
            <span>
              Foo
            </span>
          </li>
          <li
            aria-controls="tab-1-panel"
            aria-selected="false"
            class="tab"
            id="tab-1-button"
            role="tab"
            tabindex="-1"
          >
            <span>
              Bar
            </span>
          </li>
        </ul>
      </div>
    </div>
    <div
      aria-labelledby="tab-0-button"
      id="tab-0-panel"
      role="tabpanel"
    >
      Fizz
    </div>
  </div>
</DocumentFragment>
`;
