// Jest Snapshot v1, https://goo.gl/fbAQLP

exports[`<HeaderUniversalBar /> spec renders the component 1`] = `
<DocumentFragment>
  <nav
    class="headerUniversalBar"
    role="navigation"
  >
    <ul
      class="headerUniversalBarList"
    >
      <li
        class="universalBarMainLinkContainer"
      >
        <span
          class="navigationLinkWrapper"
        >
          <a
            class="link linkM navigationLink universalBarLink"
            href="#"
          >
            hel.fi
          </a>
        </span>
      </li>
    </ul>
  </nav>
</DocumentFragment>
`;
