// Jest Snapshot v1, https://goo.gl/fbAQLP

exports[`<ToggleButton /> spec renders the component 1`] = `
<DocumentFragment>
  <div
    class="toggleButtonContainer"
  >
    <label
      class="label "
      for="toggle-button"
      id="toggle-button-label"
    >
      Test label
    </label>
    <button
      aria-checked="false"
      aria-labelledby="toggle-button-label"
      class="toggleButton"
      id="toggle-button"
      role="switch"
      type="button"
    >
      <div
        class="toggleButtonIcon offIcon"
      >
        <svg
          aria-hidden="true"
          class="icon m"
          role="img"
          viewBox="0 0 24 24"
          xmlns="http://www.w3.org/2000/svg"
        >
          <g
            fill="none"
            fill-rule="evenodd"
          >
            <rect
              height="24"
              width="24"
            />
            <path
              d="M12,3 C7.02943725,3 3,7.02943725 3,12 C3,16.9705627 7.02943725,21 12,21 C16.9705627,21 21,16.9705627 21,12 C21,7.02943725 16.9705627,3 12,3 Z M15,7.5 L16.5,9 L13.5,12 L16.5,15 L15,16.5 L12,13.5 L9,16.5 L7.5,15 L10.5,12 L7.5,9 L9,7.5 L12,10.5 L15,7.5 Z"
              fill="currentColor"
            />
          </g>
        </svg>
      </div>
      <div
        class="toggleButtonIcon onIcon"
      >
        <svg
          aria-hidden="true"
          class="icon m"
          role="img"
          viewBox="0 0 24 24"
          xmlns="http://www.w3.org/2000/svg"
        >
          <g
            fill="none"
            fill-rule="evenodd"
          >
            <rect
              height="24"
              width="24"
            />
            <path
              d="M12,3 C7.02943725,3 3,7.02943725 3,12 C3,16.9705627 7.02943725,21 12,21 C16.9705627,21 21,16.9705627 21,12 C21,7.02943725 16.9705627,3 12,3 Z M16.5,8 L18,9.5 L10.5,17 L6,12.5 L7.5,11 L10.5,14 L16.5,8 Z"
              fill="currentColor"
            />
          </g>
        </svg>
      </div>
    </button>
  </div>
</DocumentFragment>
`;
