// Jest Snapshot v1, https://goo.gl/fbAQLP

exports[`<Linkbox /> spec renders the component 1`] = `
<DocumentFragment>
  <div
    aria-label="HDS"
    class="linkbox withoutBorder"
    role="region"
    tabindex="0"
  >
    <div
      class="withBackground paddingWithoutImageAndWithBackground"
    >
      <div
        aria-level="2"
        class="headingCommon headingWithoutImage"
        role="heading"
      >
        Linkbox title
      </div>
      <p
        class="text"
      >
        Linkbox text
      </p>
      <a
        aria-label="HDS"
        class="link"
        href="https://hds.hel.fi"
        tabindex="-1"
      >
        <svg
          aria-hidden="true"
          class="icon l icon"
          role="img"
          viewBox="0 0 24 24"
          xmlns="http://www.w3.org/2000/svg"
        >
          <g
            fill="none"
            fill-rule="evenodd"
          >
            <rect
              height="24"
              width="24"
            />
            <polygon
              fill="currentColor"
              points="10.5 5.5 12 7 8 11 20.5 11 20.5 13 8 13 12 17 10.5 18.5 4 12"
              transform="matrix(-1 0 0 1 24.5 0)"
            />
          </g>
        </svg>
      </a>
    </div>
  </div>
</DocumentFragment>
`;
