// Jest Snapshot v1, https://goo.gl/fbAQLP

exports[`<Navigation.DropdownLink /> spec renders the component 1`] = `
<DocumentFragment>
  <header
    class="header theme-light"
  >
    <a
      class="skipToContent"
      href="#content"
    >
      Skip to content
    </a>
    <div
      class="belowM"
    >
      <div
        class="headerBackgroundWrapper"
      >
        <div
          class="headerContainer"
        >
          <div
            class="title"
          >
            <img
              alt=""
              class="logo"
              src="dummySrc"
            />
            <span>
              Foo
            </span>
          </div>
          <button
            aria-expanded="false"
            aria-haspopup="true"
            aria-label="menu"
            class="mobileMenuToggle"
            type="button"
          >
            <svg
              aria-hidden="true"
              aria-label="menu-hamburger"
              class="icon s"
              role="img"
              viewBox="0 0 24 24"
              xmlns="http://www.w3.org/2000/svg"
            >
              <path
                clip-rule="evenodd"
                d="M22 17V19H2V17H22ZM22 11V13H2V11H22ZM22 5V7H2V5H22Z"
                fill="currentColor"
                fill-rule="evenodd"
              />
            </svg>
          </button>
        </div>
      </div>
    </div>
    <div
      class="aboveM"
    >
      <div
        class="headerBackgroundWrapper"
      >
        <div
          class="headerContainer"
        >
          <div
            class="title"
          >
            <img
              alt=""
              class="logo"
              src="dummySrc"
            />
            <span>
              Foo
            </span>
          </div>
          <div
            class="headerContent"
          >
            <div
              class="menuButton"
            >
              <a
                class=""
                id="dropdownlink-1"
              >
                <span
                  class="label"
                >
                  Foo
                </span>
              </a>
              <button
                aria-controls="hds-menu-button-2-menu"
                aria-expanded="false"
                aria-haspopup="true"
                aria-label="false"
                aria-labelledby="dropdownlink-1"
                class="toggleButton"
                id="hds-menu-button-2-button"
                type="button"
              >
                <svg
                  aria-hidden="true"
                  aria-label="angle-down"
                  class="icon s"
                  role="img"
                  viewBox="0 0 24 24"
                  xmlns="http://www.w3.org/2000/svg"
                >
                  <path
                    clip-rule="evenodd"
                    d="M12 13.5L17 8.5L18.5 10L12 16.5L5.5 10L7 8.5L12 13.5Z"
                    fill="currentColor"
                    fill-rule="evenodd"
                  />
                </svg>
              </button>
              <div
                aria-labelledby="dropdownlink-1"
                class="menu"
                id="hds-menu-button-2-menu"
                role="region"
                style="top: 0px; min-width: 190px;"
              />
            </div>
          </div>
        </div>
      </div>
    </div>
  </header>
</DocumentFragment>
`;
