// Jest Snapshot v1, https://goo.gl/fbAQLP

exports[`<HeaderActionBar /> spec renders the component 1`] = `
<DocumentFragment>
  <header
    class="hds-header header"
  >
    <div
      class="headerBackgroundWrapper"
    >
      <div
        class="headerActionBarContainer"
      >
        <div
          class="headerActionBar"
        >
          <span
            class="titleAndLogoContainer logo"
          >
            <img
              alt=""
              aria-hidden="true"
              class="logo"
              data-testid="action-bar-logo"
              src="dummySrc"
              title="title"
            />
          </span>
          <span
            class="titleAndLogoContainer title normal"
          >
            <span
              class="title"
            >
              Test
            </span>
          </span>
          <div
            class="headerActions"
          />
        </div>
      </div>
    </div>
  </header>
</DocumentFragment>
`;
