// Jest Snapshot v1, https://goo.gl/fbAQLP

exports[`HeaderActionBarItem spec renders the component correctly and adds all classNames from props 1`] = `
<DocumentFragment>
  <button
    aria-controls="aria-controls-id"
    aria-expanded="false"
    aria-label="aria label"
    class="actionBarItem extra-class fixedRightPosition"
    data-testid="button"
    type="button"
  >
    <span>
      <span
        class="actionBarItemIcon labelOnRight"
      >
        <span
          aria-hidden="true"
          data-testid="fake-icon-test-id"
        />
      </span>
      <span
        class="actionBarItemLabel labelOnRight"
      >
        button label
      </span>
    </span>
  </button>
</DocumentFragment>
`;
