// Jest Snapshot v1, https://goo.gl/fbAQLP

exports[`<Visible /> spec renders the component 1`] = `
<DocumentFragment>
  <div
    class="belowM"
  >
    Visible content
  </div>
</DocumentFragment>
`;
