// Jest Snapshot v1, https://goo.gl/fbAQLP

exports[`<MultiSelectListWithGroups /> Component is rendered 1`] = `
<DocumentFragment>
  <div
    class="list shiftOptions multiSelectList"
    id="test-select-component-list"
    tabindex="-1"
  >
    <div
      aria-label="Group0"
      role="group"
    >
      <div
        aria-checked="false"
        aria-disabled="false"
        aria-label="FI: Group0 (choose all)"
        class="listItem groupLabel focusableListItem selectableListItem multiSelectListItem"
        id="test-select-component-option-0"
        role="checkbox"
        tabindex="-1"
      >
        <div
          aria-hidden="true"
          class="checkboxContainer"
        >
          <div
            class="checkbox"
          >
            <input
              class="input"
              id="test-select-component-option-0-checkbox"
              tabindex="-1"
              type="checkbox"
              value=""
            />
            <label
              class="label noLabel"
              for="test-select-component-option-0-checkbox"
            />
          </div>
          <label
            for="test-select-component-option-0-checkbox"
          >
            Group0
          </label>
        </div>
      </div>
      <div
        aria-checked="false"
        aria-disabled="false"
        aria-label="Group0_Option0_Label"
        class="listItem selectableListItem focusableListItem multiSelectListItem"
        id="test-select-component-option-1"
        role="checkbox"
        tabindex="-1"
      >
        <div
          aria-hidden="true"
          class="checkboxContainer"
        >
          <div
            class="checkbox"
          >
            <input
              class="input"
              id="test-select-component-option-1-checkbox"
              tabindex="-1"
              type="checkbox"
              value=""
            />
            <label
              class="label noLabel"
              for="test-select-component-option-1-checkbox"
            />
          </div>
          <label
            for="test-select-component-option-1-checkbox"
          >
            Group0_Option0_Label
          </label>
        </div>
      </div>
      <div
        aria-checked="false"
        aria-disabled="false"
        aria-label="Group0_Option1_Label"
        class="listItem selectableListItem focusableListItem multiSelectListItem"
        id="test-select-component-option-2"
        role="checkbox"
        tabindex="-1"
      >
        <div
          aria-hidden="true"
          class="checkboxContainer"
        >
          <div
            class="checkbox"
          >
            <input
              class="input"
              id="test-select-component-option-2-checkbox"
              tabindex="-1"
              type="checkbox"
              value=""
            />
            <label
              class="label noLabel"
              for="test-select-component-option-2-checkbox"
            />
          </div>
          <label
            for="test-select-component-option-2-checkbox"
          >
            Group0_Option1_Label
          </label>
        </div>
      </div>
      <div
        aria-checked="false"
        aria-disabled="false"
        aria-label="Group0_Option2_Label"
        class="listItem selectableListItem focusableListItem multiSelectListItem"
        id="test-select-component-option-3"
        role="checkbox"
        tabindex="-1"
      >
        <div
          aria-hidden="true"
          class="checkboxContainer"
        >
          <div
            class="checkbox"
          >
            <input
              class="input"
              id="test-select-component-option-3-checkbox"
              tabindex="-1"
              type="checkbox"
              value=""
            />
            <label
              class="label noLabel"
              for="test-select-component-option-3-checkbox"
            />
          </div>
          <label
            for="test-select-component-option-3-checkbox"
          >
            Group0_Option2_Label
          </label>
        </div>
      </div>
    </div>
    <div
      aria-label="Group1"
      role="group"
    >
      <div
        aria-checked="false"
        aria-disabled="false"
        aria-label="FI: Group1 (choose all)"
        class="listItem groupLabel focusableListItem selectableListItem multiSelectListItem"
        id="test-select-component-option-4"
        role="checkbox"
        tabindex="-1"
      >
        <div
          aria-hidden="true"
          class="checkboxContainer"
        >
          <div
            class="checkbox"
          >
            <input
              class="input"
              id="test-select-component-option-4-checkbox"
              tabindex="-1"
              type="checkbox"
              value=""
            />
            <label
              class="label noLabel"
              for="test-select-component-option-4-checkbox"
            />
          </div>
          <label
            for="test-select-component-option-4-checkbox"
          >
            Group1
          </label>
        </div>
      </div>
      <div
        aria-checked="false"
        aria-disabled="false"
        aria-label="Group1_Option0_Label"
        class="listItem selectableListItem focusableListItem multiSelectListItem"
        id="test-select-component-option-5"
        role="checkbox"
        tabindex="-1"
      >
        <div
          aria-hidden="true"
          class="checkboxContainer"
        >
          <div
            class="checkbox"
          >
            <input
              class="input"
              id="test-select-component-option-5-checkbox"
              tabindex="-1"
              type="checkbox"
              value=""
            />
            <label
              class="label noLabel"
              for="test-select-component-option-5-checkbox"
            />
          </div>
          <label
            for="test-select-component-option-5-checkbox"
          >
            Group1_Option0_Label
          </label>
        </div>
      </div>
      <div
        aria-checked="false"
        aria-disabled="false"
        aria-label="Group1_Option1_Label"
        class="listItem selectableListItem focusableListItem multiSelectListItem"
        id="test-select-component-option-6"
        role="checkbox"
        tabindex="-1"
      >
        <div
          aria-hidden="true"
          class="checkboxContainer"
        >
          <div
            class="checkbox"
          >
            <input
              class="input"
              id="test-select-component-option-6-checkbox"
              tabindex="-1"
              type="checkbox"
              value=""
            />
            <label
              class="label noLabel"
              for="test-select-component-option-6-checkbox"
            />
          </div>
          <label
            for="test-select-component-option-6-checkbox"
          >
            Group1_Option1_Label
          </label>
        </div>
      </div>
    </div>
    <div
      aria-label="Group2"
      role="group"
    >
      <div
        aria-checked="false"
        aria-disabled="false"
        aria-label="FI: Group2 (choose all)"
        class="listItem groupLabel focusableListItem selectableListItem multiSelectListItem"
        id="test-select-component-option-7"
        role="checkbox"
        tabindex="-1"
      >
        <div
          aria-hidden="true"
          class="checkboxContainer"
        >
          <div
            class="checkbox"
          >
            <input
              class="input"
              id="test-select-component-option-7-checkbox"
              tabindex="-1"
              type="checkbox"
              value=""
            />
            <label
              class="label noLabel"
              for="test-select-component-option-7-checkbox"
            />
          </div>
          <label
            for="test-select-component-option-7-checkbox"
          >
            Group2
          </label>
        </div>
      </div>
      <div
        aria-checked="false"
        aria-disabled="false"
        aria-label="Group2_Option0_Label"
        class="listItem selectableListItem focusableListItem multiSelectListItem"
        id="test-select-component-option-8"
        role="checkbox"
        tabindex="-1"
      >
        <div
          aria-hidden="true"
          class="checkboxContainer"
        >
          <div
            class="checkbox"
          >
            <input
              class="input"
              id="test-select-component-option-8-checkbox"
              tabindex="-1"
              type="checkbox"
              value=""
            />
            <label
              class="label noLabel"
              for="test-select-component-option-8-checkbox"
            />
          </div>
          <label
            for="test-select-component-option-8-checkbox"
          >
            Group2_Option0_Label
          </label>
        </div>
      </div>
      <div
        aria-checked="false"
        aria-disabled="false"
        aria-label="Group2_Option1_Label"
        class="listItem selectableListItem focusableListItem multiSelectListItem"
        id="test-select-component-option-9"
        role="checkbox"
        tabindex="-1"
      >
        <div
          aria-hidden="true"
          class="checkboxContainer"
        >
          <div
            class="checkbox"
          >
            <input
              class="input"
              id="test-select-component-option-9-checkbox"
              tabindex="-1"
              type="checkbox"
              value=""
            />
            <label
              class="label noLabel"
              for="test-select-component-option-9-checkbox"
            />
          </div>
          <label
            for="test-select-component-option-9-checkbox"
          >
            Group2_Option1_Label
          </label>
        </div>
      </div>
      <div
        aria-checked="false"
        aria-disabled="false"
        aria-label="Group2_Option2_Label"
        class="listItem selectableListItem focusableListItem multiSelectListItem"
        id="test-select-component-option-10"
        role="checkbox"
        tabindex="-1"
      >
        <div
          aria-hidden="true"
          class="checkboxContainer"
        >
          <div
            class="checkbox"
          >
            <input
              class="input"
              id="test-select-component-option-10-checkbox"
              tabindex="-1"
              type="checkbox"
              value=""
            />
            <label
              class="label noLabel"
              for="test-select-component-option-10-checkbox"
            />
          </div>
          <label
            for="test-select-component-option-10-checkbox"
          >
            Group2_Option2_Label
          </label>
        </div>
      </div>
      <div
        aria-checked="false"
        aria-disabled="false"
        aria-label="Group2_Option3_Label"
        class="listItem selectableListItem focusableListItem multiSelectListItem"
        id="test-select-component-option-11"
        role="checkbox"
        tabindex="-1"
      >
        <div
          aria-hidden="true"
          class="checkboxContainer"
        >
          <div
            class="checkbox"
          >
            <input
              class="input"
              id="test-select-component-option-11-checkbox"
              tabindex="-1"
              type="checkbox"
              value=""
            />
            <label
              class="label noLabel"
              for="test-select-component-option-11-checkbox"
            />
          </div>
          <label
            for="test-select-component-option-11-checkbox"
          >
            Group2_Option3_Label
          </label>
        </div>
      </div>
      <div
        aria-checked="false"
        aria-disabled="false"
        aria-label="Group2_Option4_Label"
        class="listItem selectableListItem focusableListItem multiSelectListItem"
        id="test-select-component-option-12"
        role="checkbox"
        tabindex="-1"
      >
        <div
          aria-hidden="true"
          class="checkboxContainer"
        >
          <div
            class="checkbox"
          >
            <input
              class="input"
              id="test-select-component-option-12-checkbox"
              tabindex="-1"
              type="checkbox"
              value=""
            />
            <label
              class="label noLabel"
              for="test-select-component-option-12-checkbox"
            />
          </div>
          <label
            for="test-select-component-option-12-checkbox"
          >
            Group2_Option4_Label
          </label>
        </div>
      </div>
      <div
        aria-checked="false"
        aria-disabled="false"
        aria-label="Group2_Option5_Label"
        class="listItem selectableListItem focusableListItem multiSelectListItem"
        id="test-select-component-option-13"
        role="checkbox"
        tabindex="-1"
      >
        <div
          aria-hidden="true"
          class="checkboxContainer"
        >
          <div
            class="checkbox"
          >
            <input
              class="input"
              id="test-select-component-option-13-checkbox"
              tabindex="-1"
              type="checkbox"
              value=""
            />
            <label
              class="label noLabel"
              for="test-select-component-option-13-checkbox"
            />
          </div>
          <label
            for="test-select-component-option-13-checkbox"
          >
            Group2_Option5_Label
          </label>
        </div>
      </div>
      <div
        aria-checked="false"
        aria-disabled="false"
        aria-label="Group2_Option6_Label"
        class="listItem selectableListItem focusableListItem multiSelectListItem"
        id="test-select-component-option-14"
        role="checkbox"
        tabindex="-1"
      >
        <div
          aria-hidden="true"
          class="checkboxContainer"
        >
          <div
            class="checkbox"
          >
            <input
              class="input"
              id="test-select-component-option-14-checkbox"
              tabindex="-1"
              type="checkbox"
              value=""
            />
            <label
              class="label noLabel"
              for="test-select-component-option-14-checkbox"
            />
          </div>
          <label
            for="test-select-component-option-14-checkbox"
          >
            Group2_Option6_Label
          </label>
        </div>
      </div>
    </div>
  </div>
</DocumentFragment>
`;
